running egg_info
creating ../../build/usv_bringup/usv_bringup.egg-info
writing ../../build/usv_bringup/usv_bringup.egg-info/PKG-INFO
writing dependency_links to ../../build/usv_bringup/usv_bringup.egg-info/dependency_links.txt
writing entry points to ../../build/usv_bringup/usv_bringup.egg-info/entry_points.txt
writing requirements to ../../build/usv_bringup/usv_bringup.egg-info/requires.txt
writing top-level names to ../../build/usv_bringup/usv_bringup.egg-info/top_level.txt
writing manifest file '../../build/usv_bringup/usv_bringup.egg-info/SOURCES.txt'
reading manifest file '../../build/usv_bringup/usv_bringup.egg-info/SOURCES.txt'
writing manifest file '../../build/usv_bringup/usv_bringup.egg-info/SOURCES.txt'
running build
running build_py
creating /workspace/FIU-Water-Monitoring-USV/ros2_ws/build/usv_bringup/build
creating /workspace/FIU-Water-Monitoring-USV/ros2_ws/build/usv_bringup/build/lib
creating /workspace/FIU-Water-Monitoring-USV/ros2_ws/build/usv_bringup/build/lib/usv_bringup
copying usv_bringup/__init__.py -> /workspace/FIU-Water-Monitoring-USV/ros2_ws/build/usv_bringup/build/lib/usv_bringup
running install
running install_lib
creating /workspace/FIU-Water-Monitoring-USV/ros2_ws/install/usv_bringup/lib/python3.10/site-packages/usv_bringup
copying /workspace/FIU-Water-Monitoring-USV/ros2_ws/build/usv_bringup/build/lib/usv_bringup/__init__.py -> /workspace/FIU-Water-Monitoring-USV/ros2_ws/install/usv_bringup/lib/python3.10/site-packages/usv_bringup
byte-compiling /workspace/FIU-Water-Monitoring-USV/ros2_ws/install/usv_bringup/lib/python3.10/site-packages/usv_bringup/__init__.py to __init__.cpython-310.pyc
running install_data
creating /workspace/FIU-Water-Monitoring-USV/ros2_ws/install/usv_bringup/share/ament_index
creating /workspace/FIU-Water-Monitoring-USV/ros2_ws/install/usv_bringup/share/ament_index/resource_index
creating /workspace/FIU-Water-Monitoring-USV/ros2_ws/install/usv_bringup/share/ament_index/resource_index/packages
copying resource/usv_bringup -> /workspace/FIU-Water-Monitoring-USV/ros2_ws/install/usv_bringup/share/ament_index/resource_index/packages
copying package.xml -> /workspace/FIU-Water-Monitoring-USV/ros2_ws/install/usv_bringup/share/usv_bringup
creating /workspace/FIU-Water-Monitoring-USV/ros2_ws/install/usv_bringup/share/usv_bringup/launch
copying launch/robot.launch.py -> /workspace/FIU-Water-Monitoring-USV/ros2_ws/install/usv_bringup/share/usv_bringup/launch
running install_egg_info
Copying ../../build/usv_bringup/usv_bringup.egg-info to /workspace/FIU-Water-Monitoring-USV/ros2_ws/install/usv_bringup/lib/python3.10/site-packages/usv_bringup-0.0.1-py3.10.egg-info
running install_scripts
writing list of installed files to '/workspace/FIU-Water-Monitoring-USV/ros2_ws/build/usv_bringup/install.log'
