[2.613s] Invoking command in '/workspace/FIU-Water-Monitoring-USV/ros2_ws/src/usv_motor_bridge': PYTHONPATH=/workspace/FIU-Water-Monitoring-USV/ros2_ws/build/usv_motor_bridge/prefix_override:/usr/lib/python3/dist-packages/colcon_core/task/python/colcon_distutils_commands:/workspace/FIU-Water-Monitoring-USV/ros2_ws/install/usv_motor_bridge/lib/python3.10/site-packages:${PYTHONPATH} /usr/bin/python3 -W ignore:setup.py install is deprecated -W ignore:easy_install command is deprecated setup.py egg_info --egg-base ../../build/usv_motor_bridge build --build-base /workspace/FIU-Water-Monitoring-USV/ros2_ws/build/usv_motor_bridge/build install --record /workspace/FIU-Water-Monitoring-USV/ros2_ws/build/usv_motor_bridge/install.log --single-version-externally-managed install_data
[3.349s] running egg_info
[3.359s] creating ../../build/usv_motor_bridge/usv_motor_bridge.egg-info
[3.361s] writing ../../build/usv_motor_bridge/usv_motor_bridge.egg-info/PKG-INFO
[3.362s] writing dependency_links to ../../build/usv_motor_bridge/usv_motor_bridge.egg-info/dependency_links.txt
[3.363s] writing entry points to ../../build/usv_motor_bridge/usv_motor_bridge.egg-info/entry_points.txt
[3.363s] writing requirements to ../../build/usv_motor_bridge/usv_motor_bridge.egg-info/requires.txt
[3.364s] writing top-level names to ../../build/usv_motor_bridge/usv_motor_bridge.egg-info/top_level.txt
[3.366s] writing manifest file '../../build/usv_motor_bridge/usv_motor_bridge.egg-info/SOURCES.txt'
[3.371s] reading manifest file '../../build/usv_motor_bridge/usv_motor_bridge.egg-info/SOURCES.txt'
[3.378s] writing manifest file '../../build/usv_motor_bridge/usv_motor_bridge.egg-info/SOURCES.txt'
[3.379s] running build
[3.379s] running build_py
[3.380s] creating /workspace/FIU-Water-Monitoring-USV/ros2_ws/build/usv_motor_bridge/build
[3.381s] creating /workspace/FIU-Water-Monitoring-USV/ros2_ws/build/usv_motor_bridge/build/lib
[3.381s] creating /workspace/FIU-Water-Monitoring-USV/ros2_ws/build/usv_motor_bridge/build/lib/usv_motor_bridge
[3.382s] copying usv_motor_bridge/__init__.py -> /workspace/FIU-Water-Monitoring-USV/ros2_ws/build/usv_motor_bridge/build/lib/usv_motor_bridge
[3.383s] copying usv_motor_bridge/motor_bridge_node.py -> /workspace/FIU-Water-Monitoring-USV/ros2_ws/build/usv_motor_bridge/build/lib/usv_motor_bridge
[3.383s] running install
[3.384s] running install_lib
[3.385s] creating /workspace/FIU-Water-Monitoring-USV/ros2_ws/install/usv_motor_bridge/lib/python3.10/site-packages/usv_motor_bridge
[3.385s] copying /workspace/FIU-Water-Monitoring-USV/ros2_ws/build/usv_motor_bridge/build/lib/usv_motor_bridge/__init__.py -> /workspace/FIU-Water-Monitoring-USV/ros2_ws/install/usv_motor_bridge/lib/python3.10/site-packages/usv_motor_bridge
[3.386s] copying /workspace/FIU-Water-Monitoring-USV/ros2_ws/build/usv_motor_bridge/build/lib/usv_motor_bridge/motor_bridge_node.py -> /workspace/FIU-Water-Monitoring-USV/ros2_ws/install/usv_motor_bridge/lib/python3.10/site-packages/usv_motor_bridge
[3.386s] byte-compiling /workspace/FIU-Water-Monitoring-USV/ros2_ws/install/usv_motor_bridge/lib/python3.10/site-packages/usv_motor_bridge/__init__.py to __init__.cpython-310.pyc
[3.387s] byte-compiling /workspace/FIU-Water-Monitoring-USV/ros2_ws/install/usv_motor_bridge/lib/python3.10/site-packages/usv_motor_bridge/motor_bridge_node.py to motor_bridge_node.cpython-310.pyc
[3.387s] running install_data
[3.388s] creating /workspace/FIU-Water-Monitoring-USV/ros2_ws/install/usv_motor_bridge/share/ament_index
[3.389s] creating /workspace/FIU-Water-Monitoring-USV/ros2_ws/install/usv_motor_bridge/share/ament_index/resource_index
[3.390s] creating /workspace/FIU-Water-Monitoring-USV/ros2_ws/install/usv_motor_bridge/share/ament_index/resource_index/packages
[3.391s] copying resource/usv_motor_bridge -> /workspace/FIU-Water-Monitoring-USV/ros2_ws/install/usv_motor_bridge/share/ament_index/resource_index/packages
[3.391s] copying package.xml -> /workspace/FIU-Water-Monitoring-USV/ros2_ws/install/usv_motor_bridge/share/usv_motor_bridge
[3.392s] running install_egg_info
[3.393s] Copying ../../build/usv_motor_bridge/usv_motor_bridge.egg-info to /workspace/FIU-Water-Monitoring-USV/ros2_ws/install/usv_motor_bridge/lib/python3.10/site-packages/usv_motor_bridge-0.0.1-py3.10.egg-info
[3.394s] running install_scripts
[3.433s] Installing motor_bridge_node script to /workspace/FIU-Water-Monitoring-USV/ros2_ws/install/usv_motor_bridge/lib/usv_motor_bridge
[3.434s] writing list of installed files to '/workspace/FIU-Water-Monitoring-USV/ros2_ws/build/usv_motor_bridge/install.log'
[3.644s] Invoked command in '/workspace/FIU-Water-Monitoring-USV/ros2_ws/src/usv_motor_bridge' returned '0': PYTHONPATH=/workspace/FIU-Water-Monitoring-USV/ros2_ws/build/usv_motor_bridge/prefix_override:/usr/lib/python3/dist-packages/colcon_core/task/python/colcon_distutils_commands:/workspace/FIU-Water-Monitoring-USV/ros2_ws/install/usv_motor_bridge/lib/python3.10/site-packages:${PYTHONPATH} /usr/bin/python3 -W ignore:setup.py install is deprecated -W ignore:easy_install command is deprecated setup.py egg_info --egg-base ../../build/usv_motor_bridge build --build-base /workspace/FIU-Water-Monitoring-USV/ros2_ws/build/usv_motor_bridge/build install --record /workspace/FIU-Water-Monitoring-USV/ros2_ws/build/usv_motor_bridge/install.log --single-version-externally-managed install_data
