running egg_info
creating ../../build/usv_navigation/usv_navigation.egg-info
writing ../../build/usv_navigation/usv_navigation.egg-info/PKG-INFO
writing dependency_links to ../../build/usv_navigation/usv_navigation.egg-info/dependency_links.txt
writing entry points to ../../build/usv_navigation/usv_navigation.egg-info/entry_points.txt
writing requirements to ../../build/usv_navigation/usv_navigation.egg-info/requires.txt
writing top-level names to ../../build/usv_navigation/usv_navigation.egg-info/top_level.txt
writing manifest file '../../build/usv_navigation/usv_navigation.egg-info/SOURCES.txt'
reading manifest file '../../build/usv_navigation/usv_navigation.egg-info/SOURCES.txt'
writing manifest file '../../build/usv_navigation/usv_navigation.egg-info/SOURCES.txt'
running build
running build_py
creating /workspace/FIU-Water-Monitoring-USV/ros2_ws/build/usv_navigation/build
creating /workspace/FIU-Water-Monitoring-USV/ros2_ws/build/usv_navigation/build/lib
creating /workspace/FIU-Water-Monitoring-USV/ros2_ws/build/usv_navigation/build/lib/usv_navigation
copying usv_navigation/__init__.py -> /workspace/FIU-Water-Monitoring-USV/ros2_ws/build/usv_navigation/build/lib/usv_navigation
copying usv_navigation/navigation_node.py -> /workspace/FIU-Water-Monitoring-USV/ros2_ws/build/usv_navigation/build/lib/usv_navigation
running install
running install_lib
creating /workspace/FIU-Water-Monitoring-USV/ros2_ws/install/usv_navigation/lib/python3.10/site-packages/usv_navigation
copying /workspace/FIU-Water-Monitoring-USV/ros2_ws/build/usv_navigation/build/lib/usv_navigation/__init__.py -> /workspace/FIU-Water-Monitoring-USV/ros2_ws/install/usv_navigation/lib/python3.10/site-packages/usv_navigation
copying /workspace/FIU-Water-Monitoring-USV/ros2_ws/build/usv_navigation/build/lib/usv_navigation/navigation_node.py -> /workspace/FIU-Water-Monitoring-USV/ros2_ws/install/usv_navigation/lib/python3.10/site-packages/usv_navigation
byte-compiling /workspace/FIU-Water-Monitoring-USV/ros2_ws/install/usv_navigation/lib/python3.10/site-packages/usv_navigation/__init__.py to __init__.cpython-310.pyc
byte-compiling /workspace/FIU-Water-Monitoring-USV/ros2_ws/install/usv_navigation/lib/python3.10/site-packages/usv_navigation/navigation_node.py to navigation_node.cpython-310.pyc
running install_data
creating /workspace/FIU-Water-Monitoring-USV/ros2_ws/install/usv_navigation/share/ament_index
creating /workspace/FIU-Water-Monitoring-USV/ros2_ws/install/usv_navigation/share/ament_index/resource_index
creating /workspace/FIU-Water-Monitoring-USV/ros2_ws/install/usv_navigation/share/ament_index/resource_index/packages
copying resource/usv_navigation -> /workspace/FIU-Water-Monitoring-USV/ros2_ws/install/usv_navigation/share/ament_index/resource_index/packages
copying package.xml -> /workspace/FIU-Water-Monitoring-USV/ros2_ws/install/usv_navigation/share/usv_navigation
running install_egg_info
Copying ../../build/usv_navigation/usv_navigation.egg-info to /workspace/FIU-Water-Monitoring-USV/ros2_ws/install/usv_navigation/lib/python3.10/site-packages/usv_navigation-0.0.1-py3.10.egg-info
running install_scripts
Installing navigation_node script to /workspace/FIU-Water-Monitoring-USV/ros2_ws/install/usv_navigation/lib/usv_navigation
writing list of installed files to '/workspace/FIU-Water-Monitoring-USV/ros2_ws/build/usv_navigation/install.log'
