running egg_info
creating ../../build/usv_sensor_bridge/usv_sensor_bridge.egg-info
writing ../../build/usv_sensor_bridge/usv_sensor_bridge.egg-info/PKG-INFO
writing dependency_links to ../../build/usv_sensor_bridge/usv_sensor_bridge.egg-info/dependency_links.txt
writing entry points to ../../build/usv_sensor_bridge/usv_sensor_bridge.egg-info/entry_points.txt
writing requirements to ../../build/usv_sensor_bridge/usv_sensor_bridge.egg-info/requires.txt
writing top-level names to ../../build/usv_sensor_bridge/usv_sensor_bridge.egg-info/top_level.txt
writing manifest file '../../build/usv_sensor_bridge/usv_sensor_bridge.egg-info/SOURCES.txt'
reading manifest file '../../build/usv_sensor_bridge/usv_sensor_bridge.egg-info/SOURCES.txt'
writing manifest file '../../build/usv_sensor_bridge/usv_sensor_bridge.egg-info/SOURCES.txt'
running build
running build_py
creating /workspace/FIU-Water-Monitoring-USV/ros2_ws/build/usv_sensor_bridge/build
creating /workspace/FIU-Water-Monitoring-USV/ros2_ws/build/usv_sensor_bridge/build/lib
creating /workspace/FIU-Water-Monitoring-USV/ros2_ws/build/usv_sensor_bridge/build/lib/usv_sensor_bridge
copying usv_sensor_bridge/__init__.py -> /workspace/FIU-Water-Monitoring-USV/ros2_ws/build/usv_sensor_bridge/build/lib/usv_sensor_bridge
copying usv_sensor_bridge/sensor_bridge_node.py -> /workspace/FIU-Water-Monitoring-USV/ros2_ws/build/usv_sensor_bridge/build/lib/usv_sensor_bridge
running install
running install_lib
creating /workspace/FIU-Water-Monitoring-USV/ros2_ws/install/usv_sensor_bridge/lib/python3.10/site-packages/usv_sensor_bridge
copying /workspace/FIU-Water-Monitoring-USV/ros2_ws/build/usv_sensor_bridge/build/lib/usv_sensor_bridge/__init__.py -> /workspace/FIU-Water-Monitoring-USV/ros2_ws/install/usv_sensor_bridge/lib/python3.10/site-packages/usv_sensor_bridge
copying /workspace/FIU-Water-Monitoring-USV/ros2_ws/build/usv_sensor_bridge/build/lib/usv_sensor_bridge/sensor_bridge_node.py -> /workspace/FIU-Water-Monitoring-USV/ros2_ws/install/usv_sensor_bridge/lib/python3.10/site-packages/usv_sensor_bridge
byte-compiling /workspace/FIU-Water-Monitoring-USV/ros2_ws/install/usv_sensor_bridge/lib/python3.10/site-packages/usv_sensor_bridge/__init__.py to __init__.cpython-310.pyc
byte-compiling /workspace/FIU-Water-Monitoring-USV/ros2_ws/install/usv_sensor_bridge/lib/python3.10/site-packages/usv_sensor_bridge/sensor_bridge_node.py to sensor_bridge_node.cpython-310.pyc
running install_data
creating /workspace/FIU-Water-Monitoring-USV/ros2_ws/install/usv_sensor_bridge/share/ament_index
creating /workspace/FIU-Water-Monitoring-USV/ros2_ws/install/usv_sensor_bridge/share/ament_index/resource_index
creating /workspace/FIU-Water-Monitoring-USV/ros2_ws/install/usv_sensor_bridge/share/ament_index/resource_index/packages
copying resource/usv_sensor_bridge -> /workspace/FIU-Water-Monitoring-USV/ros2_ws/install/usv_sensor_bridge/share/ament_index/resource_index/packages
copying package.xml -> /workspace/FIU-Water-Monitoring-USV/ros2_ws/install/usv_sensor_bridge/share/usv_sensor_bridge
creating /workspace/FIU-Water-Monitoring-USV/ros2_ws/install/usv_sensor_bridge/share/usv_sensor_bridge/config
copying config/sensors.yaml -> /workspace/FIU-Water-Monitoring-USV/ros2_ws/install/usv_sensor_bridge/share/usv_sensor_bridge/config
running install_egg_info
Copying ../../build/usv_sensor_bridge/usv_sensor_bridge.egg-info to /workspace/FIU-Water-Monitoring-USV/ros2_ws/install/usv_sensor_bridge/lib/python3.10/site-packages/usv_sensor_bridge-0.0.1-py3.10.egg-info
running install_scripts
Installing sensor_bridge_node script to /workspace/FIU-Water-Monitoring-USV/ros2_ws/install/usv_sensor_bridge/lib/usv_sensor_bridge
writing list of installed files to '/workspace/FIU-Water-Monitoring-USV/ros2_ws/build/usv_sensor_bridge/install.log'
