[2.618s] Invoking command in '/workspace/FIU-Water-Monitoring-USV/ros2_ws/src/usv_sensor_bridge': PYTHONPATH=/workspace/FIU-Water-Monitoring-USV/ros2_ws/build/usv_sensor_bridge/prefix_override:/usr/lib/python3/dist-packages/colcon_core/task/python/colcon_distutils_commands:/workspace/FIU-Water-Monitoring-USV/ros2_ws/install/usv_sensor_bridge/lib/python3.10/site-packages:${PYTHONPATH} /usr/bin/python3 -W ignore:setup.py install is deprecated -W ignore:easy_install command is deprecated setup.py egg_info --egg-base ../../build/usv_sensor_bridge build --build-base /workspace/FIU-Water-Monitoring-USV/ros2_ws/build/usv_sensor_bridge/build install --record /workspace/FIU-Water-Monitoring-USV/ros2_ws/build/usv_sensor_bridge/install.log --single-version-externally-managed install_data
[3.317s] running egg_info
[3.319s] creating ../../build/usv_sensor_bridge/usv_sensor_bridge.egg-info
[3.320s] writing ../../build/usv_sensor_bridge/usv_sensor_bridge.egg-info/PKG-INFO
[3.321s] writing dependency_links to ../../build/usv_sensor_bridge/usv_sensor_bridge.egg-info/dependency_links.txt
[3.321s] writing entry points to ../../build/usv_sensor_bridge/usv_sensor_bridge.egg-info/entry_points.txt
[3.322s] writing requirements to ../../build/usv_sensor_bridge/usv_sensor_bridge.egg-info/requires.txt
[3.323s] writing top-level names to ../../build/usv_sensor_bridge/usv_sensor_bridge.egg-info/top_level.txt
[3.324s] writing manifest file '../../build/usv_sensor_bridge/usv_sensor_bridge.egg-info/SOURCES.txt'
[3.326s] reading manifest file '../../build/usv_sensor_bridge/usv_sensor_bridge.egg-info/SOURCES.txt'
[3.328s] writing manifest file '../../build/usv_sensor_bridge/usv_sensor_bridge.egg-info/SOURCES.txt'
[3.330s] running build
[3.331s] running build_py
[3.332s] creating /workspace/FIU-Water-Monitoring-USV/ros2_ws/build/usv_sensor_bridge/build
[3.333s] creating /workspace/FIU-Water-Monitoring-USV/ros2_ws/build/usv_sensor_bridge/build/lib
[3.334s] creating /workspace/FIU-Water-Monitoring-USV/ros2_ws/build/usv_sensor_bridge/build/lib/usv_sensor_bridge
[3.334s] copying usv_sensor_bridge/__init__.py -> /workspace/FIU-Water-Monitoring-USV/ros2_ws/build/usv_sensor_bridge/build/lib/usv_sensor_bridge
[3.335s] copying usv_sensor_bridge/sensor_bridge_node.py -> /workspace/FIU-Water-Monitoring-USV/ros2_ws/build/usv_sensor_bridge/build/lib/usv_sensor_bridge
[3.336s] running install
[3.340s] running install_lib
[3.344s] creating /workspace/FIU-Water-Monitoring-USV/ros2_ws/install/usv_sensor_bridge/lib/python3.10/site-packages/usv_sensor_bridge
[3.346s] copying /workspace/FIU-Water-Monitoring-USV/ros2_ws/build/usv_sensor_bridge/build/lib/usv_sensor_bridge/__init__.py -> /workspace/FIU-Water-Monitoring-USV/ros2_ws/install/usv_sensor_bridge/lib/python3.10/site-packages/usv_sensor_bridge
[3.347s] copying /workspace/FIU-Water-Monitoring-USV/ros2_ws/build/usv_sensor_bridge/build/lib/usv_sensor_bridge/sensor_bridge_node.py -> /workspace/FIU-Water-Monitoring-USV/ros2_ws/install/usv_sensor_bridge/lib/python3.10/site-packages/usv_sensor_bridge
[3.348s] byte-compiling /workspace/FIU-Water-Monitoring-USV/ros2_ws/install/usv_sensor_bridge/lib/python3.10/site-packages/usv_sensor_bridge/__init__.py to __init__.cpython-310.pyc
[3.349s] byte-compiling /workspace/FIU-Water-Monitoring-USV/ros2_ws/install/usv_sensor_bridge/lib/python3.10/site-packages/usv_sensor_bridge/sensor_bridge_node.py to sensor_bridge_node.cpython-310.pyc
[3.351s] running install_data
[3.352s] creating /workspace/FIU-Water-Monitoring-USV/ros2_ws/install/usv_sensor_bridge/share/ament_index
[3.353s] creating /workspace/FIU-Water-Monitoring-USV/ros2_ws/install/usv_sensor_bridge/share/ament_index/resource_index
[3.353s] creating /workspace/FIU-Water-Monitoring-USV/ros2_ws/install/usv_sensor_bridge/share/ament_index/resource_index/packages
[3.354s] copying resource/usv_sensor_bridge -> /workspace/FIU-Water-Monitoring-USV/ros2_ws/install/usv_sensor_bridge/share/ament_index/resource_index/packages
[3.355s] copying package.xml -> /workspace/FIU-Water-Monitoring-USV/ros2_ws/install/usv_sensor_bridge/share/usv_sensor_bridge
[3.355s] creating /workspace/FIU-Water-Monitoring-USV/ros2_ws/install/usv_sensor_bridge/share/usv_sensor_bridge/config
[3.356s] copying config/sensors.yaml -> /workspace/FIU-Water-Monitoring-USV/ros2_ws/install/usv_sensor_bridge/share/usv_sensor_bridge/config
[3.357s] running install_egg_info
[3.368s] Copying ../../build/usv_sensor_bridge/usv_sensor_bridge.egg-info to /workspace/FIU-Water-Monitoring-USV/ros2_ws/install/usv_sensor_bridge/lib/python3.10/site-packages/usv_sensor_bridge-0.0.1-py3.10.egg-info
[3.372s] running install_scripts
[3.401s] Installing sensor_bridge_node script to /workspace/FIU-Water-Monitoring-USV/ros2_ws/install/usv_sensor_bridge/lib/usv_sensor_bridge
[3.403s] writing list of installed files to '/workspace/FIU-Water-Monitoring-USV/ros2_ws/build/usv_sensor_bridge/install.log'
[3.540s] Invoked command in '/workspace/FIU-Water-Monitoring-USV/ros2_ws/src/usv_sensor_bridge' returned '0': PYTHONPATH=/workspace/FIU-Water-Monitoring-USV/ros2_ws/build/usv_sensor_bridge/prefix_override:/usr/lib/python3/dist-packages/colcon_core/task/python/colcon_distutils_commands:/workspace/FIU-Water-Monitoring-USV/ros2_ws/install/usv_sensor_bridge/lib/python3.10/site-packages:${PYTHONPATH} /usr/bin/python3 -W ignore:setup.py install is deprecated -W ignore:easy_install command is deprecated setup.py egg_info --egg-base ../../build/usv_sensor_bridge build --build-base /workspace/FIU-Water-Monitoring-USV/ros2_ws/build/usv_sensor_bridge/build install --record /workspace/FIU-Water-Monitoring-USV/ros2_ws/build/usv_sensor_bridge/install.log --single-version-externally-managed install_data
