[0.220s] DEBUG:colcon:Command line arguments: ['/usr/bin/colcon', 'build']
[0.221s] DEBUG:colcon:Parsed command line arguments: Namespace(log_base=None, log_level=None, verb_name='build', build_base='build', install_base='install', merge_install=False, symlink_install=False, test_result_base=None, continue_on_error=False, executor='parallel', parallel_workers=8, event_handlers=None, ignore_user_meta=False, metas=['./colcon.meta'], base_paths=['.'], packages_ignore=None, packages_ignore_regex=None, paths=None, packages_up_to=None, packages_up_to_regex=None, packages_above=None, packages_above_and_dependencies=None, packages_above_depth=None, packages_select_by_dep=None, packages_skip_by_dep=None, packages_skip_up_to=None, packages_select_build_failed=False, packages_skip_build_finished=False, packages_select_test_failures=False, packages_skip_test_passed=False, packages_select=None, packages_skip=None, packages_select_regex=None, packages_skip_regex=None, packages_start=None, packages_end=None, cmake_args=None, cmake_target=None, cmake_target_skip_unavailable=False, cmake_clean_cache=False, cmake_clean_first=False, cmake_force_configure=False, ament_cmake_args=None, catkin_cmake_args=None, catkin_skip_building_tests=False, mixin_files=None, mixin=None, verb_parser=<colcon_mixin.mixin.mixin_argument.MixinArgumentDecorator object at 0x7f8577e830>, verb_extension=<colcon_core.verb.build.BuildVerb object at 0x7f85953d90>, main=<bound method BuildVerb.main of <colcon_core.verb.build.BuildVerb object at 0x7f85953d90>>, mixin_verb=('build',))
[0.428s] Level 1:colcon.colcon_core.package_discovery:discover_packages(colcon_meta) check parameters
[0.429s] INFO:colcon.colcon_metadata.package_discovery.colcon_meta:Using configuration from '/root/.colcon/metadata/default/Gazebo.meta'
[0.430s] INFO:colcon.colcon_metadata.package_discovery.colcon_meta:Using configuration from '/root/.colcon/metadata/default/fastdds.meta'
[0.431s] INFO:colcon.colcon_metadata.package_discovery.colcon_meta:Using configuration from '/root/.colcon/metadata/default/fastrtps.meta'
[0.431s] Level 1:colcon.colcon_core.package_discovery:discover_packages(recursive) check parameters
[0.431s] Level 1:colcon.colcon_core.package_discovery:discover_packages(ignore) check parameters
[0.431s] Level 1:colcon.colcon_core.package_discovery:discover_packages(path) check parameters
[0.431s] Level 1:colcon.colcon_core.package_discovery:discover_packages(colcon_meta) discover
[0.432s] Level 1:colcon.colcon_core.package_discovery:discover_packages(recursive) discover
[0.432s] INFO:colcon.colcon_core.package_discovery:Crawling recursively for packages in '/workspace/FIU-Water-Monitoring-USV/ros2_ws'
[0.432s] Level 1:colcon.colcon_core.package_identification:_identify(.) by extensions ['ignore', 'ignore_ament_install']
[0.432s] Level 1:colcon.colcon_core.package_identification:_identify(.) by extension 'ignore'
[0.432s] Level 1:colcon.colcon_core.package_identification:_identify(.) by extension 'ignore_ament_install'
[0.432s] Level 1:colcon.colcon_core.package_identification:_identify(.) by extensions ['colcon_pkg']
[0.432s] Level 1:colcon.colcon_core.package_identification:_identify(.) by extension 'colcon_pkg'
[0.432s] Level 1:colcon.colcon_core.package_identification:_identify(.) by extensions ['colcon_meta']
[0.432s] Level 1:colcon.colcon_core.package_identification:_identify(.) by extension 'colcon_meta'
[0.433s] Level 1:colcon.colcon_core.package_identification:_identify(.) by extensions ['ros']
[0.433s] Level 1:colcon.colcon_core.package_identification:_identify(.) by extension 'ros'
[0.455s] Level 1:colcon.colcon_core.package_identification:_identify(.) by extensions ['cmake', 'python']
[0.455s] Level 1:colcon.colcon_core.package_identification:_identify(.) by extension 'cmake'
[0.455s] Level 1:colcon.colcon_core.package_identification:_identify(.) by extension 'python'
[0.455s] Level 1:colcon.colcon_core.package_identification:_identify(.) by extensions ['python_setup_py']
[0.455s] Level 1:colcon.colcon_core.package_identification:_identify(.) by extension 'python_setup_py'
[0.455s] Level 1:colcon.colcon_core.package_identification:_identify(build) by extensions ['ignore', 'ignore_ament_install']
[0.455s] Level 1:colcon.colcon_core.package_identification:_identify(build) by extension 'ignore'
[0.456s] Level 1:colcon.colcon_core.package_identification:_identify(build) ignored
[0.456s] Level 1:colcon.colcon_core.package_identification:_identify(install) by extensions ['ignore', 'ignore_ament_install']
[0.456s] Level 1:colcon.colcon_core.package_identification:_identify(install) by extension 'ignore'
[0.456s] Level 1:colcon.colcon_core.package_identification:_identify(install) ignored
[0.456s] Level 1:colcon.colcon_core.package_identification:_identify(log) by extensions ['ignore', 'ignore_ament_install']
[0.456s] Level 1:colcon.colcon_core.package_identification:_identify(log) by extension 'ignore'
[0.456s] Level 1:colcon.colcon_core.package_identification:_identify(log) ignored
[0.456s] Level 1:colcon.colcon_core.package_identification:_identify(src) by extensions ['ignore', 'ignore_ament_install']
[0.457s] Level 1:colcon.colcon_core.package_identification:_identify(src) by extension 'ignore'
[0.457s] Level 1:colcon.colcon_core.package_identification:_identify(src) by extension 'ignore_ament_install'
[0.457s] Level 1:colcon.colcon_core.package_identification:_identify(src) by extensions ['colcon_pkg']
[0.457s] Level 1:colcon.colcon_core.package_identification:_identify(src) by extension 'colcon_pkg'
[0.457s] Level 1:colcon.colcon_core.package_identification:_identify(src) by extensions ['colcon_meta']
[0.457s] Level 1:colcon.colcon_core.package_identification:_identify(src) by extension 'colcon_meta'
[0.457s] Level 1:colcon.colcon_core.package_identification:_identify(src) by extensions ['ros']
[0.457s] Level 1:colcon.colcon_core.package_identification:_identify(src) by extension 'ros'
[0.457s] Level 1:colcon.colcon_core.package_identification:_identify(src) by extensions ['cmake', 'python']
[0.457s] Level 1:colcon.colcon_core.package_identification:_identify(src) by extension 'cmake'
[0.457s] Level 1:colcon.colcon_core.package_identification:_identify(src) by extension 'python'
[0.457s] Level 1:colcon.colcon_core.package_identification:_identify(src) by extensions ['python_setup_py']
[0.457s] Level 1:colcon.colcon_core.package_identification:_identify(src) by extension 'python_setup_py'
[0.458s] Level 1:colcon.colcon_core.package_identification:_identify(src/usv_bringup) by extensions ['ignore', 'ignore_ament_install']
[0.458s] Level 1:colcon.colcon_core.package_identification:_identify(src/usv_bringup) by extension 'ignore'
[0.458s] Level 1:colcon.colcon_core.package_identification:_identify(src/usv_bringup) by extension 'ignore_ament_install'
[0.458s] Level 1:colcon.colcon_core.package_identification:_identify(src/usv_bringup) by extensions ['colcon_pkg']
[0.458s] Level 1:colcon.colcon_core.package_identification:_identify(src/usv_bringup) by extension 'colcon_pkg'
[0.458s] Level 1:colcon.colcon_core.package_identification:_identify(src/usv_bringup) by extensions ['colcon_meta']
[0.458s] Level 1:colcon.colcon_core.package_identification:_identify(src/usv_bringup) by extension 'colcon_meta'
[0.458s] Level 1:colcon.colcon_core.package_identification:_identify(src/usv_bringup) by extensions ['ros']
[0.458s] Level 1:colcon.colcon_core.package_identification:_identify(src/usv_bringup) by extension 'ros'
[0.463s] DEBUG:colcon.colcon_core.package_identification:Package 'src/usv_bringup' with type 'ros.ament_python' and name 'usv_bringup'
[0.463s] Level 1:colcon.colcon_core.package_identification:_identify(src/usv_motor_bridge) by extensions ['ignore', 'ignore_ament_install']
[0.463s] Level 1:colcon.colcon_core.package_identification:_identify(src/usv_motor_bridge) by extension 'ignore'
[0.464s] Level 1:colcon.colcon_core.package_identification:_identify(src/usv_motor_bridge) by extension 'ignore_ament_install'
[0.464s] Level 1:colcon.colcon_core.package_identification:_identify(src/usv_motor_bridge) by extensions ['colcon_pkg']
[0.464s] Level 1:colcon.colcon_core.package_identification:_identify(src/usv_motor_bridge) by extension 'colcon_pkg'
[0.464s] Level 1:colcon.colcon_core.package_identification:_identify(src/usv_motor_bridge) by extensions ['colcon_meta']
[0.464s] Level 1:colcon.colcon_core.package_identification:_identify(src/usv_motor_bridge) by extension 'colcon_meta'
[0.464s] Level 1:colcon.colcon_core.package_identification:_identify(src/usv_motor_bridge) by extensions ['ros']
[0.464s] Level 1:colcon.colcon_core.package_identification:_identify(src/usv_motor_bridge) by extension 'ros'
[0.465s] DEBUG:colcon.colcon_core.package_identification:Package 'src/usv_motor_bridge' with type 'ros.ament_python' and name 'usv_motor_bridge'
[0.465s] Level 1:colcon.colcon_core.package_identification:_identify(src/usv_navigation) by extensions ['ignore', 'ignore_ament_install']
[0.465s] Level 1:colcon.colcon_core.package_identification:_identify(src/usv_navigation) by extension 'ignore'
[0.466s] Level 1:colcon.colcon_core.package_identification:_identify(src/usv_navigation) by extension 'ignore_ament_install'
[0.466s] Level 1:colcon.colcon_core.package_identification:_identify(src/usv_navigation) by extensions ['colcon_pkg']
[0.466s] Level 1:colcon.colcon_core.package_identification:_identify(src/usv_navigation) by extension 'colcon_pkg'
[0.466s] Level 1:colcon.colcon_core.package_identification:_identify(src/usv_navigation) by extensions ['colcon_meta']
[0.466s] Level 1:colcon.colcon_core.package_identification:_identify(src/usv_navigation) by extension 'colcon_meta'
[0.466s] Level 1:colcon.colcon_core.package_identification:_identify(src/usv_navigation) by extensions ['ros']
[0.466s] Level 1:colcon.colcon_core.package_identification:_identify(src/usv_navigation) by extension 'ros'
[0.467s] DEBUG:colcon.colcon_core.package_identification:Package 'src/usv_navigation' with type 'ros.ament_python' and name 'usv_navigation'
[0.468s] Level 1:colcon.colcon_core.package_identification:_identify(src/usv_sensor_bridge) by extensions ['ignore', 'ignore_ament_install']
[0.468s] Level 1:colcon.colcon_core.package_identification:_identify(src/usv_sensor_bridge) by extension 'ignore'
[0.468s] Level 1:colcon.colcon_core.package_identification:_identify(src/usv_sensor_bridge) by extension 'ignore_ament_install'
[0.468s] Level 1:colcon.colcon_core.package_identification:_identify(src/usv_sensor_bridge) by extensions ['colcon_pkg']
[0.468s] Level 1:colcon.colcon_core.package_identification:_identify(src/usv_sensor_bridge) by extension 'colcon_pkg'
[0.468s] Level 1:colcon.colcon_core.package_identification:_identify(src/usv_sensor_bridge) by extensions ['colcon_meta']
[0.468s] Level 1:colcon.colcon_core.package_identification:_identify(src/usv_sensor_bridge) by extension 'colcon_meta'
[0.468s] Level 1:colcon.colcon_core.package_identification:_identify(src/usv_sensor_bridge) by extensions ['ros']
[0.468s] Level 1:colcon.colcon_core.package_identification:_identify(src/usv_sensor_bridge) by extension 'ros'
[0.469s] DEBUG:colcon.colcon_core.package_identification:Package 'src/usv_sensor_bridge' with type 'ros.ament_python' and name 'usv_sensor_bridge'
[0.469s] Level 1:colcon.colcon_core.package_discovery:discover_packages(recursive) using defaults
[0.470s] Level 1:colcon.colcon_core.package_discovery:discover_packages(ignore) discover
[0.470s] Level 1:colcon.colcon_core.package_discovery:discover_packages(ignore) using defaults
[0.470s] Level 1:colcon.colcon_core.package_discovery:discover_packages(path) discover
[0.470s] Level 1:colcon.colcon_core.package_discovery:discover_packages(path) using defaults
[0.511s] Level 5:colcon.colcon_core.verb:set package 'usv_bringup' build argument 'cmake_args' from command line to 'None'
[0.511s] Level 5:colcon.colcon_core.verb:set package 'usv_bringup' build argument 'cmake_target' from command line to 'None'
[0.512s] Level 5:colcon.colcon_core.verb:set package 'usv_bringup' build argument 'cmake_target_skip_unavailable' from command line to 'False'
[0.512s] Level 5:colcon.colcon_core.verb:set package 'usv_bringup' build argument 'cmake_clean_cache' from command line to 'False'
[0.512s] Level 5:colcon.colcon_core.verb:set package 'usv_bringup' build argument 'cmake_clean_first' from command line to 'False'
[0.512s] Level 5:colcon.colcon_core.verb:set package 'usv_bringup' build argument 'cmake_force_configure' from command line to 'False'
[0.512s] Level 5:colcon.colcon_core.verb:set package 'usv_bringup' build argument 'ament_cmake_args' from command line to 'None'
[0.512s] Level 5:colcon.colcon_core.verb:set package 'usv_bringup' build argument 'catkin_cmake_args' from command line to 'None'
[0.512s] Level 5:colcon.colcon_core.verb:set package 'usv_bringup' build argument 'catkin_skip_building_tests' from command line to 'False'
[0.512s] DEBUG:colcon.colcon_core.verb:Building package 'usv_bringup' with the following arguments: {'ament_cmake_args': None, 'build_base': '/workspace/FIU-Water-Monitoring-USV/ros2_ws/build/usv_bringup', 'catkin_cmake_args': None, 'catkin_skip_building_tests': False, 'cmake_args': None, 'cmake_clean_cache': False, 'cmake_clean_first': False, 'cmake_force_configure': False, 'cmake_target': None, 'cmake_target_skip_unavailable': False, 'install_base': '/workspace/FIU-Water-Monitoring-USV/ros2_ws/install/usv_bringup', 'merge_install': False, 'path': '/workspace/FIU-Water-Monitoring-USV/ros2_ws/src/usv_bringup', 'symlink_install': False, 'test_result_base': None}
[0.512s] Level 5:colcon.colcon_core.verb:set package 'usv_motor_bridge' build argument 'cmake_args' from command line to 'None'
[0.513s] Level 5:colcon.colcon_core.verb:set package 'usv_motor_bridge' build argument 'cmake_target' from command line to 'None'
[0.513s] Level 5:colcon.colcon_core.verb:set package 'usv_motor_bridge' build argument 'cmake_target_skip_unavailable' from command line to 'False'
[0.513s] Level 5:colcon.colcon_core.verb:set package 'usv_motor_bridge' build argument 'cmake_clean_cache' from command line to 'False'
[0.513s] Level 5:colcon.colcon_core.verb:set package 'usv_motor_bridge' build argument 'cmake_clean_first' from command line to 'False'
[0.513s] Level 5:colcon.colcon_core.verb:set package 'usv_motor_bridge' build argument 'cmake_force_configure' from command line to 'False'
[0.513s] Level 5:colcon.colcon_core.verb:set package 'usv_motor_bridge' build argument 'ament_cmake_args' from command line to 'None'
[0.513s] Level 5:colcon.colcon_core.verb:set package 'usv_motor_bridge' build argument 'catkin_cmake_args' from command line to 'None'
[0.513s] Level 5:colcon.colcon_core.verb:set package 'usv_motor_bridge' build argument 'catkin_skip_building_tests' from command line to 'False'
[0.513s] DEBUG:colcon.colcon_core.verb:Building package 'usv_motor_bridge' with the following arguments: {'ament_cmake_args': None, 'build_base': '/workspace/FIU-Water-Monitoring-USV/ros2_ws/build/usv_motor_bridge', 'catkin_cmake_args': None, 'catkin_skip_building_tests': False, 'cmake_args': None, 'cmake_clean_cache': False, 'cmake_clean_first': False, 'cmake_force_configure': False, 'cmake_target': None, 'cmake_target_skip_unavailable': False, 'install_base': '/workspace/FIU-Water-Monitoring-USV/ros2_ws/install/usv_motor_bridge', 'merge_install': False, 'path': '/workspace/FIU-Water-Monitoring-USV/ros2_ws/src/usv_motor_bridge', 'symlink_install': False, 'test_result_base': None}
[0.513s] Level 5:colcon.colcon_core.verb:set package 'usv_navigation' build argument 'cmake_args' from command line to 'None'
[0.513s] Level 5:colcon.colcon_core.verb:set package 'usv_navigation' build argument 'cmake_target' from command line to 'None'
[0.514s] Level 5:colcon.colcon_core.verb:set package 'usv_navigation' build argument 'cmake_target_skip_unavailable' from command line to 'False'
[0.514s] Level 5:colcon.colcon_core.verb:set package 'usv_navigation' build argument 'cmake_clean_cache' from command line to 'False'
[0.514s] Level 5:colcon.colcon_core.verb:set package 'usv_navigation' build argument 'cmake_clean_first' from command line to 'False'
[0.514s] Level 5:colcon.colcon_core.verb:set package 'usv_navigation' build argument 'cmake_force_configure' from command line to 'False'
[0.514s] Level 5:colcon.colcon_core.verb:set package 'usv_navigation' build argument 'ament_cmake_args' from command line to 'None'
[0.514s] Level 5:colcon.colcon_core.verb:set package 'usv_navigation' build argument 'catkin_cmake_args' from command line to 'None'
[0.514s] Level 5:colcon.colcon_core.verb:set package 'usv_navigation' build argument 'catkin_skip_building_tests' from command line to 'False'
[0.514s] DEBUG:colcon.colcon_core.verb:Building package 'usv_navigation' with the following arguments: {'ament_cmake_args': None, 'build_base': '/workspace/FIU-Water-Monitoring-USV/ros2_ws/build/usv_navigation', 'catkin_cmake_args': None, 'catkin_skip_building_tests': False, 'cmake_args': None, 'cmake_clean_cache': False, 'cmake_clean_first': False, 'cmake_force_configure': False, 'cmake_target': None, 'cmake_target_skip_unavailable': False, 'install_base': '/workspace/FIU-Water-Monitoring-USV/ros2_ws/install/usv_navigation', 'merge_install': False, 'path': '/workspace/FIU-Water-Monitoring-USV/ros2_ws/src/usv_navigation', 'symlink_install': False, 'test_result_base': None}
[0.514s] Level 5:colcon.colcon_core.verb:set package 'usv_sensor_bridge' build argument 'cmake_args' from command line to 'None'
[0.514s] Level 5:colcon.colcon_core.verb:set package 'usv_sensor_bridge' build argument 'cmake_target' from command line to 'None'
[0.514s] Level 5:colcon.colcon_core.verb:set package 'usv_sensor_bridge' build argument 'cmake_target_skip_unavailable' from command line to 'False'
[0.514s] Level 5:colcon.colcon_core.verb:set package 'usv_sensor_bridge' build argument 'cmake_clean_cache' from command line to 'False'
[0.515s] Level 5:colcon.colcon_core.verb:set package 'usv_sensor_bridge' build argument 'cmake_clean_first' from command line to 'False'
[0.515s] Level 5:colcon.colcon_core.verb:set package 'usv_sensor_bridge' build argument 'cmake_force_configure' from command line to 'False'
[0.515s] Level 5:colcon.colcon_core.verb:set package 'usv_sensor_bridge' build argument 'ament_cmake_args' from command line to 'None'
[0.515s] Level 5:colcon.colcon_core.verb:set package 'usv_sensor_bridge' build argument 'catkin_cmake_args' from command line to 'None'
[0.515s] Level 5:colcon.colcon_core.verb:set package 'usv_sensor_bridge' build argument 'catkin_skip_building_tests' from command line to 'False'
[0.515s] DEBUG:colcon.colcon_core.verb:Building package 'usv_sensor_bridge' with the following arguments: {'ament_cmake_args': None, 'build_base': '/workspace/FIU-Water-Monitoring-USV/ros2_ws/build/usv_sensor_bridge', 'catkin_cmake_args': None, 'catkin_skip_building_tests': False, 'cmake_args': None, 'cmake_clean_cache': False, 'cmake_clean_first': False, 'cmake_force_configure': False, 'cmake_target': None, 'cmake_target_skip_unavailable': False, 'install_base': '/workspace/FIU-Water-Monitoring-USV/ros2_ws/install/usv_sensor_bridge', 'merge_install': False, 'path': '/workspace/FIU-Water-Monitoring-USV/ros2_ws/src/usv_sensor_bridge', 'symlink_install': False, 'test_result_base': None}
[0.515s] INFO:colcon.colcon_core.executor:Executing jobs using 'parallel' executor
[0.517s] DEBUG:colcon.colcon_parallel_executor.executor.parallel:run_until_complete
[0.518s] INFO:colcon.colcon_ros.task.ament_python.build:Building ROS package in '/workspace/FIU-Water-Monitoring-USV/ros2_ws/src/usv_bringup' with build type 'ament_python'
[0.518s] Level 1:colcon.colcon_core.shell:create_environment_hook('usv_bringup', 'ament_prefix_path')
[0.524s] INFO:colcon.colcon_core.plugin_system:Skipping extension 'colcon_core.shell.bat': Not used on non-Windows systems
[0.524s] INFO:colcon.colcon_core.shell:Creating environment hook '/workspace/FIU-Water-Monitoring-USV/ros2_ws/install/usv_bringup/share/usv_bringup/hook/ament_prefix_path.ps1'
[0.526s] INFO:colcon.colcon_core.shell:Creating environment descriptor '/workspace/FIU-Water-Monitoring-USV/ros2_ws/install/usv_bringup/share/usv_bringup/hook/ament_prefix_path.dsv'
[0.527s] INFO:colcon.colcon_core.shell:Creating environment hook '/workspace/FIU-Water-Monitoring-USV/ros2_ws/install/usv_bringup/share/usv_bringup/hook/ament_prefix_path.sh'
[0.528s] INFO:colcon.colcon_core.shell:Skip shell extension 'powershell' for command environment: Not usable outside of PowerShell
[0.528s] DEBUG:colcon.colcon_core.shell:Skip shell extension 'dsv' for command environment
[0.530s] WARNING:colcon.colcon_ros.prefix_path.ament:The path '/workspace/FIU-Water-Monitoring-USV/ros2_ws/install/usv_sensor_bridge' in the environment variable AMENT_PREFIX_PATH doesn't exist
[0.531s] WARNING:colcon.colcon_ros.prefix_path.ament:The path '/workspace/FIU-Water-Monitoring-USV/ros2_ws/install/usv_navigation' in the environment variable AMENT_PREFIX_PATH doesn't exist
[0.531s] WARNING:colcon.colcon_ros.prefix_path.ament:The path '/workspace/FIU-Water-Monitoring-USV/ros2_ws/install/usv_motor_bridge' in the environment variable AMENT_PREFIX_PATH doesn't exist
[0.537s] INFO:colcon.colcon_ros.task.ament_python.build:Building ROS package in '/workspace/FIU-Water-Monitoring-USV/ros2_ws/src/usv_motor_bridge' with build type 'ament_python'
[0.538s] Level 1:colcon.colcon_core.shell:create_environment_hook('usv_motor_bridge', 'ament_prefix_path')
[0.538s] INFO:colcon.colcon_core.shell:Creating environment hook '/workspace/FIU-Water-Monitoring-USV/ros2_ws/install/usv_motor_bridge/share/usv_motor_bridge/hook/ament_prefix_path.ps1'
[0.540s] INFO:colcon.colcon_core.shell:Creating environment descriptor '/workspace/FIU-Water-Monitoring-USV/ros2_ws/install/usv_motor_bridge/share/usv_motor_bridge/hook/ament_prefix_path.dsv'
[0.541s] INFO:colcon.colcon_core.shell:Creating environment hook '/workspace/FIU-Water-Monitoring-USV/ros2_ws/install/usv_motor_bridge/share/usv_motor_bridge/hook/ament_prefix_path.sh'
[0.543s] INFO:colcon.colcon_core.shell:Skip shell extension 'powershell' for command environment: Not usable outside of PowerShell
[0.543s] DEBUG:colcon.colcon_core.shell:Skip shell extension 'dsv' for command environment
[0.548s] INFO:colcon.colcon_ros.task.ament_python.build:Building ROS package in '/workspace/FIU-Water-Monitoring-USV/ros2_ws/src/usv_navigation' with build type 'ament_python'
[0.548s] Level 1:colcon.colcon_core.shell:create_environment_hook('usv_navigation', 'ament_prefix_path')
[0.549s] INFO:colcon.colcon_core.shell:Creating environment hook '/workspace/FIU-Water-Monitoring-USV/ros2_ws/install/usv_navigation/share/usv_navigation/hook/ament_prefix_path.ps1'
[0.551s] INFO:colcon.colcon_core.shell:Creating environment descriptor '/workspace/FIU-Water-Monitoring-USV/ros2_ws/install/usv_navigation/share/usv_navigation/hook/ament_prefix_path.dsv'
[0.552s] INFO:colcon.colcon_core.shell:Creating environment hook '/workspace/FIU-Water-Monitoring-USV/ros2_ws/install/usv_navigation/share/usv_navigation/hook/ament_prefix_path.sh'
[0.553s] INFO:colcon.colcon_core.shell:Skip shell extension 'powershell' for command environment: Not usable outside of PowerShell
[0.553s] DEBUG:colcon.colcon_core.shell:Skip shell extension 'dsv' for command environment
[0.558s] INFO:colcon.colcon_ros.task.ament_python.build:Building ROS package in '/workspace/FIU-Water-Monitoring-USV/ros2_ws/src/usv_sensor_bridge' with build type 'ament_python'
[0.559s] Level 1:colcon.colcon_core.shell:create_environment_hook('usv_sensor_bridge', 'ament_prefix_path')
[0.560s] INFO:colcon.colcon_core.shell:Creating environment hook '/workspace/FIU-Water-Monitoring-USV/ros2_ws/install/usv_sensor_bridge/share/usv_sensor_bridge/hook/ament_prefix_path.ps1'
[0.561s] INFO:colcon.colcon_core.shell:Creating environment descriptor '/workspace/FIU-Water-Monitoring-USV/ros2_ws/install/usv_sensor_bridge/share/usv_sensor_bridge/hook/ament_prefix_path.dsv'
[0.562s] INFO:colcon.colcon_core.shell:Creating environment hook '/workspace/FIU-Water-Monitoring-USV/ros2_ws/install/usv_sensor_bridge/share/usv_sensor_bridge/hook/ament_prefix_path.sh'
[0.564s] INFO:colcon.colcon_core.shell:Skip shell extension 'powershell' for command environment: Not usable outside of PowerShell
[0.564s] DEBUG:colcon.colcon_core.shell:Skip shell extension 'dsv' for command environment
[1.003s] INFO:colcon.colcon_core.task.python.build:Building Python package in '/workspace/FIU-Water-Monitoring-USV/ros2_ws/src/usv_bringup'
[1.004s] INFO:colcon.colcon_core.shell:Skip shell extension 'powershell' for command environment: Not usable outside of PowerShell
[1.004s] DEBUG:colcon.colcon_core.shell:Skip shell extension 'dsv' for command environment
[1.435s] INFO:colcon.colcon_core.task.python.build:Building Python package in '/workspace/FIU-Water-Monitoring-USV/ros2_ws/src/usv_motor_bridge'
[1.436s] INFO:colcon.colcon_core.shell:Skip shell extension 'powershell' for command environment: Not usable outside of PowerShell
[1.436s] DEBUG:colcon.colcon_core.shell:Skip shell extension 'dsv' for command environment
[1.875s] INFO:colcon.colcon_core.task.python.build:Building Python package in '/workspace/FIU-Water-Monitoring-USV/ros2_ws/src/usv_navigation'
[1.875s] INFO:colcon.colcon_core.shell:Skip shell extension 'powershell' for command environment: Not usable outside of PowerShell
[1.876s] DEBUG:colcon.colcon_core.shell:Skip shell extension 'dsv' for command environment
[2.396s] INFO:colcon.colcon_core.task.python.build:Building Python package in '/workspace/FIU-Water-Monitoring-USV/ros2_ws/src/usv_sensor_bridge'
[2.396s] INFO:colcon.colcon_core.shell:Skip shell extension 'powershell' for command environment: Not usable outside of PowerShell
[2.396s] DEBUG:colcon.colcon_core.shell:Skip shell extension 'dsv' for command environment
[3.152s] DEBUG:colcon.colcon_core.event_handler.log_command:Invoking command in '/workspace/FIU-Water-Monitoring-USV/ros2_ws/src/usv_motor_bridge': PYTHONPATH=/workspace/FIU-Water-Monitoring-USV/ros2_ws/build/usv_motor_bridge/prefix_override:/usr/lib/python3/dist-packages/colcon_core/task/python/colcon_distutils_commands:/workspace/FIU-Water-Monitoring-USV/ros2_ws/install/usv_motor_bridge/lib/python3.10/site-packages:${PYTHONPATH} /usr/bin/python3 -W ignore:setup.py install is deprecated -W ignore:easy_install command is deprecated setup.py egg_info --egg-base ../../build/usv_motor_bridge build --build-base /workspace/FIU-Water-Monitoring-USV/ros2_ws/build/usv_motor_bridge/build install --record /workspace/FIU-Water-Monitoring-USV/ros2_ws/build/usv_motor_bridge/install.log --single-version-externally-managed install_data
[3.178s] DEBUG:colcon.colcon_core.event_handler.log_command:Invoking command in '/workspace/FIU-Water-Monitoring-USV/ros2_ws/src/usv_sensor_bridge': PYTHONPATH=/workspace/FIU-Water-Monitoring-USV/ros2_ws/build/usv_sensor_bridge/prefix_override:/usr/lib/python3/dist-packages/colcon_core/task/python/colcon_distutils_commands:/workspace/FIU-Water-Monitoring-USV/ros2_ws/install/usv_sensor_bridge/lib/python3.10/site-packages:${PYTHONPATH} /usr/bin/python3 -W ignore:setup.py install is deprecated -W ignore:easy_install command is deprecated setup.py egg_info --egg-base ../../build/usv_sensor_bridge build --build-base /workspace/FIU-Water-Monitoring-USV/ros2_ws/build/usv_sensor_bridge/build install --record /workspace/FIU-Water-Monitoring-USV/ros2_ws/build/usv_sensor_bridge/install.log --single-version-externally-managed install_data
[3.620s] DEBUG:colcon.colcon_core.event_handler.log_command:Invoking command in '/workspace/FIU-Water-Monitoring-USV/ros2_ws/src/usv_navigation': PYTHONPATH=/workspace/FIU-Water-Monitoring-USV/ros2_ws/build/usv_navigation/prefix_override:/usr/lib/python3/dist-packages/colcon_core/task/python/colcon_distutils_commands:/workspace/FIU-Water-Monitoring-USV/ros2_ws/install/usv_navigation/lib/python3.10/site-packages:${PYTHONPATH} /usr/bin/python3 -W ignore:setup.py install is deprecated -W ignore:easy_install command is deprecated setup.py egg_info --egg-base ../../build/usv_navigation build --build-base /workspace/FIU-Water-Monitoring-USV/ros2_ws/build/usv_navigation/build install --record /workspace/FIU-Water-Monitoring-USV/ros2_ws/build/usv_navigation/install.log --single-version-externally-managed install_data
[3.642s] DEBUG:colcon.colcon_core.event_handler.log_command:Invoking command in '/workspace/FIU-Water-Monitoring-USV/ros2_ws/src/usv_bringup': PYTHONPATH=/workspace/FIU-Water-Monitoring-USV/ros2_ws/build/usv_bringup/prefix_override:/usr/lib/python3/dist-packages/colcon_core/task/python/colcon_distutils_commands:/workspace/FIU-Water-Monitoring-USV/ros2_ws/install/usv_bringup/lib/python3.10/site-packages:${PYTHONPATH} /usr/bin/python3 -W ignore:setup.py install is deprecated -W ignore:easy_install command is deprecated setup.py egg_info --egg-base ../../build/usv_bringup build --build-base /workspace/FIU-Water-Monitoring-USV/ros2_ws/build/usv_bringup/build install --record /workspace/FIU-Water-Monitoring-USV/ros2_ws/build/usv_bringup/install.log --single-version-externally-managed install_data
[4.099s] DEBUG:colcon.colcon_core.event_handler.log_command:Invoked command in '/workspace/FIU-Water-Monitoring-USV/ros2_ws/src/usv_sensor_bridge' returned '0': PYTHONPATH=/workspace/FIU-Water-Monitoring-USV/ros2_ws/build/usv_sensor_bridge/prefix_override:/usr/lib/python3/dist-packages/colcon_core/task/python/colcon_distutils_commands:/workspace/FIU-Water-Monitoring-USV/ros2_ws/install/usv_sensor_bridge/lib/python3.10/site-packages:${PYTHONPATH} /usr/bin/python3 -W ignore:setup.py install is deprecated -W ignore:easy_install command is deprecated setup.py egg_info --egg-base ../../build/usv_sensor_bridge build --build-base /workspace/FIU-Water-Monitoring-USV/ros2_ws/build/usv_sensor_bridge/build install --record /workspace/FIU-Water-Monitoring-USV/ros2_ws/build/usv_sensor_bridge/install.log --single-version-externally-managed install_data
[4.116s] Level 1:colcon.colcon_core.environment:checking '/workspace/FIU-Water-Monitoring-USV/ros2_ws/install/usv_sensor_bridge' for CMake module files
[4.118s] Level 1:colcon.colcon_core.environment:checking '/workspace/FIU-Water-Monitoring-USV/ros2_ws/install/usv_sensor_bridge' for CMake config files
[4.122s] Level 1:colcon.colcon_core.environment:checking '/workspace/FIU-Water-Monitoring-USV/ros2_ws/install/usv_sensor_bridge/lib'
[4.123s] Level 1:colcon.colcon_core.environment:checking '/workspace/FIU-Water-Monitoring-USV/ros2_ws/install/usv_sensor_bridge/bin'
[4.124s] Level 1:colcon.colcon_core.environment:checking '/workspace/FIU-Water-Monitoring-USV/ros2_ws/install/usv_sensor_bridge/lib/pkgconfig/usv_sensor_bridge.pc'
[4.126s] Level 1:colcon.colcon_core.environment:checking '/workspace/FIU-Water-Monitoring-USV/ros2_ws/install/usv_sensor_bridge/lib/python3.10/site-packages'
[4.126s] Level 1:colcon.colcon_core.shell:create_environment_hook('usv_sensor_bridge', 'pythonpath')
[4.128s] INFO:colcon.colcon_core.shell:Creating environment hook '/workspace/FIU-Water-Monitoring-USV/ros2_ws/install/usv_sensor_bridge/share/usv_sensor_bridge/hook/pythonpath.ps1'
[4.132s] INFO:colcon.colcon_core.shell:Creating environment descriptor '/workspace/FIU-Water-Monitoring-USV/ros2_ws/install/usv_sensor_bridge/share/usv_sensor_bridge/hook/pythonpath.dsv'
[4.134s] INFO:colcon.colcon_core.shell:Creating environment hook '/workspace/FIU-Water-Monitoring-USV/ros2_ws/install/usv_sensor_bridge/share/usv_sensor_bridge/hook/pythonpath.sh'
[4.140s] Level 1:colcon.colcon_core.environment:checking '/workspace/FIU-Water-Monitoring-USV/ros2_ws/install/usv_sensor_bridge/bin'
[4.140s] Level 1:colcon.colcon_core.environment:create_environment_scripts_only(usv_sensor_bridge)
[4.143s] INFO:colcon.colcon_core.shell:Creating package script '/workspace/FIU-Water-Monitoring-USV/ros2_ws/install/usv_sensor_bridge/share/usv_sensor_bridge/package.ps1'
[4.151s] INFO:colcon.colcon_core.shell:Creating package descriptor '/workspace/FIU-Water-Monitoring-USV/ros2_ws/install/usv_sensor_bridge/share/usv_sensor_bridge/package.dsv'
[4.155s] INFO:colcon.colcon_core.shell:Creating package script '/workspace/FIU-Water-Monitoring-USV/ros2_ws/install/usv_sensor_bridge/share/usv_sensor_bridge/package.sh'
[4.160s] INFO:colcon.colcon_core.shell:Creating package script '/workspace/FIU-Water-Monitoring-USV/ros2_ws/install/usv_sensor_bridge/share/usv_sensor_bridge/package.bash'
[4.166s] INFO:colcon.colcon_core.shell:Creating package script '/workspace/FIU-Water-Monitoring-USV/ros2_ws/install/usv_sensor_bridge/share/usv_sensor_bridge/package.zsh'
[4.171s] Level 1:colcon.colcon_core.environment:create_file_with_runtime_dependencies(/workspace/FIU-Water-Monitoring-USV/ros2_ws/install/usv_sensor_bridge/share/colcon-core/packages/usv_sensor_bridge)
[4.180s] Level 1:colcon.colcon_core.environment:checking '/workspace/FIU-Water-Monitoring-USV/ros2_ws/install/usv_motor_bridge' for CMake module files
[4.182s] DEBUG:colcon.colcon_core.event_handler.log_command:Invoked command in '/workspace/FIU-Water-Monitoring-USV/ros2_ws/src/usv_motor_bridge' returned '0': PYTHONPATH=/workspace/FIU-Water-Monitoring-USV/ros2_ws/build/usv_motor_bridge/prefix_override:/usr/lib/python3/dist-packages/colcon_core/task/python/colcon_distutils_commands:/workspace/FIU-Water-Monitoring-USV/ros2_ws/install/usv_motor_bridge/lib/python3.10/site-packages:${PYTHONPATH} /usr/bin/python3 -W ignore:setup.py install is deprecated -W ignore:easy_install command is deprecated setup.py egg_info --egg-base ../../build/usv_motor_bridge build --build-base /workspace/FIU-Water-Monitoring-USV/ros2_ws/build/usv_motor_bridge/build install --record /workspace/FIU-Water-Monitoring-USV/ros2_ws/build/usv_motor_bridge/install.log --single-version-externally-managed install_data
[4.184s] Level 1:colcon.colcon_core.environment:checking '/workspace/FIU-Water-Monitoring-USV/ros2_ws/install/usv_motor_bridge' for CMake config files
[4.187s] Level 1:colcon.colcon_core.environment:checking '/workspace/FIU-Water-Monitoring-USV/ros2_ws/install/usv_motor_bridge/lib'
[4.187s] Level 1:colcon.colcon_core.environment:checking '/workspace/FIU-Water-Monitoring-USV/ros2_ws/install/usv_motor_bridge/bin'
[4.188s] Level 1:colcon.colcon_core.environment:checking '/workspace/FIU-Water-Monitoring-USV/ros2_ws/install/usv_motor_bridge/lib/pkgconfig/usv_motor_bridge.pc'
[4.189s] Level 1:colcon.colcon_core.environment:checking '/workspace/FIU-Water-Monitoring-USV/ros2_ws/install/usv_motor_bridge/lib/python3.10/site-packages'
[4.190s] Level 1:colcon.colcon_core.shell:create_environment_hook('usv_motor_bridge', 'pythonpath')
[4.191s] INFO:colcon.colcon_core.shell:Creating environment hook '/workspace/FIU-Water-Monitoring-USV/ros2_ws/install/usv_motor_bridge/share/usv_motor_bridge/hook/pythonpath.ps1'
[4.194s] INFO:colcon.colcon_core.shell:Creating environment descriptor '/workspace/FIU-Water-Monitoring-USV/ros2_ws/install/usv_motor_bridge/share/usv_motor_bridge/hook/pythonpath.dsv'
[4.196s] INFO:colcon.colcon_core.shell:Creating environment hook '/workspace/FIU-Water-Monitoring-USV/ros2_ws/install/usv_motor_bridge/share/usv_motor_bridge/hook/pythonpath.sh'
[4.201s] Level 1:colcon.colcon_core.environment:checking '/workspace/FIU-Water-Monitoring-USV/ros2_ws/install/usv_motor_bridge/bin'
[4.202s] Level 1:colcon.colcon_core.environment:create_environment_scripts_only(usv_motor_bridge)
[4.204s] INFO:colcon.colcon_core.shell:Creating package script '/workspace/FIU-Water-Monitoring-USV/ros2_ws/install/usv_motor_bridge/share/usv_motor_bridge/package.ps1'
[4.208s] INFO:colcon.colcon_core.shell:Creating package descriptor '/workspace/FIU-Water-Monitoring-USV/ros2_ws/install/usv_motor_bridge/share/usv_motor_bridge/package.dsv'
[4.211s] INFO:colcon.colcon_core.shell:Creating package script '/workspace/FIU-Water-Monitoring-USV/ros2_ws/install/usv_motor_bridge/share/usv_motor_bridge/package.sh'
[4.214s] INFO:colcon.colcon_core.shell:Creating package script '/workspace/FIU-Water-Monitoring-USV/ros2_ws/install/usv_motor_bridge/share/usv_motor_bridge/package.bash'
[4.217s] INFO:colcon.colcon_core.shell:Creating package script '/workspace/FIU-Water-Monitoring-USV/ros2_ws/install/usv_motor_bridge/share/usv_motor_bridge/package.zsh'
[4.219s] Level 1:colcon.colcon_core.environment:create_file_with_runtime_dependencies(/workspace/FIU-Water-Monitoring-USV/ros2_ws/install/usv_motor_bridge/share/colcon-core/packages/usv_motor_bridge)
[4.536s] Level 1:colcon.colcon_core.environment:checking '/workspace/FIU-Water-Monitoring-USV/ros2_ws/install/usv_navigation' for CMake module files
[4.538s] DEBUG:colcon.colcon_core.event_handler.log_command:Invoked command in '/workspace/FIU-Water-Monitoring-USV/ros2_ws/src/usv_navigation' returned '0': PYTHONPATH=/workspace/FIU-Water-Monitoring-USV/ros2_ws/build/usv_navigation/prefix_override:/usr/lib/python3/dist-packages/colcon_core/task/python/colcon_distutils_commands:/workspace/FIU-Water-Monitoring-USV/ros2_ws/install/usv_navigation/lib/python3.10/site-packages:${PYTHONPATH} /usr/bin/python3 -W ignore:setup.py install is deprecated -W ignore:easy_install command is deprecated setup.py egg_info --egg-base ../../build/usv_navigation build --build-base /workspace/FIU-Water-Monitoring-USV/ros2_ws/build/usv_navigation/build install --record /workspace/FIU-Water-Monitoring-USV/ros2_ws/build/usv_navigation/install.log --single-version-externally-managed install_data
[4.539s] Level 1:colcon.colcon_core.environment:checking '/workspace/FIU-Water-Monitoring-USV/ros2_ws/install/usv_navigation' for CMake config files
[4.540s] Level 1:colcon.colcon_core.environment:checking '/workspace/FIU-Water-Monitoring-USV/ros2_ws/install/usv_navigation/lib'
[4.540s] Level 1:colcon.colcon_core.environment:checking '/workspace/FIU-Water-Monitoring-USV/ros2_ws/install/usv_navigation/bin'
[4.540s] Level 1:colcon.colcon_core.environment:checking '/workspace/FIU-Water-Monitoring-USV/ros2_ws/install/usv_navigation/lib/pkgconfig/usv_navigation.pc'
[4.541s] Level 1:colcon.colcon_core.environment:checking '/workspace/FIU-Water-Monitoring-USV/ros2_ws/install/usv_navigation/lib/python3.10/site-packages'
[4.541s] Level 1:colcon.colcon_core.shell:create_environment_hook('usv_navigation', 'pythonpath')
[4.541s] INFO:colcon.colcon_core.shell:Creating environment hook '/workspace/FIU-Water-Monitoring-USV/ros2_ws/install/usv_navigation/share/usv_navigation/hook/pythonpath.ps1'
[4.543s] INFO:colcon.colcon_core.shell:Creating environment descriptor '/workspace/FIU-Water-Monitoring-USV/ros2_ws/install/usv_navigation/share/usv_navigation/hook/pythonpath.dsv'
[4.544s] INFO:colcon.colcon_core.shell:Creating environment hook '/workspace/FIU-Water-Monitoring-USV/ros2_ws/install/usv_navigation/share/usv_navigation/hook/pythonpath.sh'
[4.546s] Level 1:colcon.colcon_core.environment:checking '/workspace/FIU-Water-Monitoring-USV/ros2_ws/install/usv_navigation/bin'
[4.546s] Level 1:colcon.colcon_core.environment:create_environment_scripts_only(usv_navigation)
[4.546s] INFO:colcon.colcon_core.shell:Creating package script '/workspace/FIU-Water-Monitoring-USV/ros2_ws/install/usv_navigation/share/usv_navigation/package.ps1'
[4.548s] INFO:colcon.colcon_core.shell:Creating package descriptor '/workspace/FIU-Water-Monitoring-USV/ros2_ws/install/usv_navigation/share/usv_navigation/package.dsv'
[4.549s] INFO:colcon.colcon_core.shell:Creating package script '/workspace/FIU-Water-Monitoring-USV/ros2_ws/install/usv_navigation/share/usv_navigation/package.sh'
[4.549s] INFO:colcon.colcon_core.shell:Creating package script '/workspace/FIU-Water-Monitoring-USV/ros2_ws/install/usv_navigation/share/usv_navigation/package.bash'
[4.550s] INFO:colcon.colcon_core.shell:Creating package script '/workspace/FIU-Water-Monitoring-USV/ros2_ws/install/usv_navigation/share/usv_navigation/package.zsh'
[4.551s] Level 1:colcon.colcon_core.environment:create_file_with_runtime_dependencies(/workspace/FIU-Water-Monitoring-USV/ros2_ws/install/usv_navigation/share/colcon-core/packages/usv_navigation)
[4.554s] Level 1:colcon.colcon_core.environment:checking '/workspace/FIU-Water-Monitoring-USV/ros2_ws/install/usv_bringup' for CMake module files
[4.555s] Level 1:colcon.colcon_core.environment:checking '/workspace/FIU-Water-Monitoring-USV/ros2_ws/install/usv_bringup' for CMake config files
[4.557s] DEBUG:colcon.colcon_core.event_handler.log_command:Invoked command in '/workspace/FIU-Water-Monitoring-USV/ros2_ws/src/usv_bringup' returned '0': PYTHONPATH=/workspace/FIU-Water-Monitoring-USV/ros2_ws/build/usv_bringup/prefix_override:/usr/lib/python3/dist-packages/colcon_core/task/python/colcon_distutils_commands:/workspace/FIU-Water-Monitoring-USV/ros2_ws/install/usv_bringup/lib/python3.10/site-packages:${PYTHONPATH} /usr/bin/python3 -W ignore:setup.py install is deprecated -W ignore:easy_install command is deprecated setup.py egg_info --egg-base ../../build/usv_bringup build --build-base /workspace/FIU-Water-Monitoring-USV/ros2_ws/build/usv_bringup/build install --record /workspace/FIU-Water-Monitoring-USV/ros2_ws/build/usv_bringup/install.log --single-version-externally-managed install_data
[4.558s] Level 1:colcon.colcon_core.environment:checking '/workspace/FIU-Water-Monitoring-USV/ros2_ws/install/usv_bringup/lib'
[4.558s] Level 1:colcon.colcon_core.environment:checking '/workspace/FIU-Water-Monitoring-USV/ros2_ws/install/usv_bringup/bin'
[4.558s] Level 1:colcon.colcon_core.environment:checking '/workspace/FIU-Water-Monitoring-USV/ros2_ws/install/usv_bringup/lib/pkgconfig/usv_bringup.pc'
[4.559s] Level 1:colcon.colcon_core.environment:checking '/workspace/FIU-Water-Monitoring-USV/ros2_ws/install/usv_bringup/lib/python3.10/site-packages'
[4.559s] Level 1:colcon.colcon_core.shell:create_environment_hook('usv_bringup', 'pythonpath')
[4.559s] INFO:colcon.colcon_core.shell:Creating environment hook '/workspace/FIU-Water-Monitoring-USV/ros2_ws/install/usv_bringup/share/usv_bringup/hook/pythonpath.ps1'
[4.560s] INFO:colcon.colcon_core.shell:Creating environment descriptor '/workspace/FIU-Water-Monitoring-USV/ros2_ws/install/usv_bringup/share/usv_bringup/hook/pythonpath.dsv'
[4.561s] INFO:colcon.colcon_core.shell:Creating environment hook '/workspace/FIU-Water-Monitoring-USV/ros2_ws/install/usv_bringup/share/usv_bringup/hook/pythonpath.sh'
[4.562s] Level 1:colcon.colcon_core.environment:checking '/workspace/FIU-Water-Monitoring-USV/ros2_ws/install/usv_bringup/bin'
[4.563s] Level 1:colcon.colcon_core.environment:create_environment_scripts_only(usv_bringup)
[4.564s] INFO:colcon.colcon_core.shell:Creating package script '/workspace/FIU-Water-Monitoring-USV/ros2_ws/install/usv_bringup/share/usv_bringup/package.ps1'
[4.565s] INFO:colcon.colcon_core.shell:Creating package descriptor '/workspace/FIU-Water-Monitoring-USV/ros2_ws/install/usv_bringup/share/usv_bringup/package.dsv'
[4.566s] INFO:colcon.colcon_core.shell:Creating package script '/workspace/FIU-Water-Monitoring-USV/ros2_ws/install/usv_bringup/share/usv_bringup/package.sh'
[4.567s] INFO:colcon.colcon_core.shell:Creating package script '/workspace/FIU-Water-Monitoring-USV/ros2_ws/install/usv_bringup/share/usv_bringup/package.bash'
[4.568s] INFO:colcon.colcon_core.shell:Creating package script '/workspace/FIU-Water-Monitoring-USV/ros2_ws/install/usv_bringup/share/usv_bringup/package.zsh'
[4.568s] Level 1:colcon.colcon_core.environment:create_file_with_runtime_dependencies(/workspace/FIU-Water-Monitoring-USV/ros2_ws/install/usv_bringup/share/colcon-core/packages/usv_bringup)
[4.569s] DEBUG:colcon.colcon_parallel_executor.executor.parallel:closing loop
[4.570s] DEBUG:colcon.colcon_parallel_executor.executor.parallel:loop closed
[4.570s] DEBUG:colcon.colcon_parallel_executor.executor.parallel:run_until_complete finished with '0'
[4.570s] DEBUG:colcon.colcon_core.event_reactor:joining thread
[4.593s] INFO:colcon.colcon_core.plugin_system:Skipping extension 'colcon_notification.desktop_notification.notify_send': Could not find 'notify-send'
[4.593s] INFO:colcon.colcon_core.plugin_system:Skipping extension 'colcon_notification.desktop_notification.terminal_notifier': Not used on non-Darwin systems
[4.593s] INFO:colcon.colcon_core.plugin_system:Skipping extension 'colcon_notification.desktop_notification.win32': Not used on non-Windows systems
[4.594s] INFO:colcon.colcon_notification.desktop_notification:Sending desktop notification using 'notify2'
[4.594s] DEBUG:colcon.colcon_notification.desktop_notification.notify2:Failed to initialize notify2: org.freedesktop.DBus.Error.NotSupported: Unable to autolaunch a dbus-daemon without a $DISPLAY for X11
[4.594s] DEBUG:colcon.colcon_core.event_reactor:joined thread
[4.595s] INFO:colcon.colcon_core.shell:Creating prefix script '/workspace/FIU-Water-Monitoring-USV/ros2_ws/install/local_setup.ps1'
[4.597s] INFO:colcon.colcon_core.shell:Creating prefix util module '/workspace/FIU-Water-Monitoring-USV/ros2_ws/install/_local_setup_util_ps1.py'
[4.599s] INFO:colcon.colcon_core.shell:Creating prefix chain script '/workspace/FIU-Water-Monitoring-USV/ros2_ws/install/setup.ps1'
[4.602s] INFO:colcon.colcon_core.shell:Creating prefix script '/workspace/FIU-Water-Monitoring-USV/ros2_ws/install/local_setup.sh'
[4.603s] INFO:colcon.colcon_core.shell:Creating prefix util module '/workspace/FIU-Water-Monitoring-USV/ros2_ws/install/_local_setup_util_sh.py'
[4.604s] INFO:colcon.colcon_core.shell:Creating prefix chain script '/workspace/FIU-Water-Monitoring-USV/ros2_ws/install/setup.sh'
[4.606s] INFO:colcon.colcon_core.shell:Creating prefix script '/workspace/FIU-Water-Monitoring-USV/ros2_ws/install/local_setup.bash'
[4.607s] INFO:colcon.colcon_core.shell:Creating prefix chain script '/workspace/FIU-Water-Monitoring-USV/ros2_ws/install/setup.bash'
[4.610s] INFO:colcon.colcon_core.shell:Creating prefix script '/workspace/FIU-Water-Monitoring-USV/ros2_ws/install/local_setup.zsh'
[4.611s] INFO:colcon.colcon_core.shell:Creating prefix chain script '/workspace/FIU-Water-Monitoring-USV/ros2_ws/install/setup.zsh'
